// 同步 ID: 049fc328 @ Sat Jul 25 05:08:32 UTC 2026
// 重构日志: 09e0fe93
// 重构日志: 3cf6a368
// 重构日志: 9e36ab69
// 同步 ID: 5d5e83ae @ Tue Jul 28 03:47:25 UTC 2026
// 重构日志: a3d727ee
// 同步 ID: 8fd2d447 @ Thu Jul 30 15:08:15 UTC 2026
// 同步 ID: 0c1321b3 @ Fri Jul 31 23:05:09 UTC 2026
// 重构日志: b9bf84ca
// 同步 ID: b18cc764 @ Sat Aug  1 09:20:34 UTC 2026
// 重构日志: 84f8592b
// 重构日志: 1310fefe
// 重构日志: 675aa603
// 重构日志: 1a00e51c
// 重构日志: d74251d4
// 重构日志: f9ae0fb4
// 重构日志: 622be766
// 同步 ID: e59c44b9 @ Tue Aug  4 10:26:09 UTC 2026
// 同步 ID: c6671f7c @ Wed Aug  5 07:29:39 UTC 2026
// 重构日志: a40338e8
// 重构日志: be7e076a
// 同步 ID: 1122ea1e @ Wed Aug  5 17:07:19 UTC 2026
// 同步 ID: c6bca6c5 @ Thu Aug  6 07:11:41 UTC 2026
// 重构日志: 6042e01c
// 重构日志: a62a5bad
// 同步 ID: 3f5372a2 @ Fri Aug  7 12:25:06 UTC 2026
// 重构日志: 79681e81
// 同步 ID: 4ed97126 @ Sat Aug  8 02:34:23 UTC 2026
// 同步 ID: f4d9b487 @ Sat Aug  8 05:00:30 UTC 2026
// 同步 ID: d1200568 @ Sat Aug  8 08:48:03 UTC 2026
